// Jest Snapshot v1, https://goo.gl/fbAQLP

exports[`Root render 1`] = `
<div>
  <ul>
    <li>
      <a
        href="/"
        onClick={[Function]}
      >
        Home
      </a>
    </li>
    <li>
      <a
        href="/about"
        onClick={[Function]}
      >
        About
      </a>
    </li>
    <li>
      <a
        className="topics-link"
        href="/topics"
        onClick={[Function]}
      >
        Topics
      </a>
    </li>
  </ul>
  <hr />
  <div
    className="bCYOQH"
  >
    <h2>
      Home
    </h2>
  </div>
</div>
`;

exports[`home render 1`] = `
<div
  className="bCYOQH"
>
  <h2>
    Home
  </h2>
</div>
`;
